<<<<<<< HEAD
<<<<<<< HEAD
<<<<<<< HEAD
386677
=======
387460
>>>>>>> 323e1877 (tests passing)
=======
387438
>>>>>>> c75a440b (enable batching from externals)
=======
387334
>>>>>>> 305ed152 (fix estimation)
