<<<<<<< HEAD
269338
=======
428022
>>>>>>> 97cfba2f3d9894235c59522214e6e5c86a02afbe
