<<<<<<< HEAD
92852
=======
92830
>>>>>>> a685f6a (fix rebase)
