<<<<<<< HEAD
629326
=======
631089
>>>>>>> a685f6a (fix rebase)
