<<<<<<< HEAD
666350
=======
666362
>>>>>>> c6a0e6d (minor simplification)
