<<<<<<< HEAD
<<<<<<< HEAD
575393
=======
667013
>>>>>>> c6a0e6d (minor simplification)
=======
667155
>>>>>>> a685f6a (fix rebase)
