<<<<<<< HEAD
358415
=======
358173
>>>>>>> origin/main
