<<<<<<< HEAD
<<<<<<< HEAD
83915
=======
84071
>>>>>>> c6a0e6d (minor simplification)
=======
83915
>>>>>>> a685f6a (fix rebase)
