<<<<<<< HEAD
<<<<<<< HEAD
<<<<<<< HEAD
487179
=======
488890
>>>>>>> 323e1877 (tests passing)
=======
488824
>>>>>>> c75a440b (enable batching from externals)
=======
490667
>>>>>>> 305ed152 (fix estimation)
