<<<<<<< HEAD
<<<<<<< HEAD
471807
=======
440511
>>>>>>> ac9b0ddacb02b4a07343a0de6365be6b4f6e6a74
=======
440378
>>>>>>> a130bb704d728c3b963dc42c87ac0138cbcc323b
