<<<<<<< HEAD
<<<<<<< HEAD
95925
=======
95858
>>>>>>> 323e1877 (tests passing)
=======
95859
>>>>>>> 305ed152 (fix estimation)
